
Memory Configuration

Name             Origin             Length             Attributes
ram              0x80000000         0x00500000         xrw
*default*        0x00000000         0xffffffff

Linker script and memory map

                0x00000000                __DYNAMIC=0x0
                0x00400000                PROVIDE (__stack, 0x400000)
                0x00000000                PROVIDE (hardware_init_hook, 0x0)
                0x00000000                PROVIDE (_hardware_init_hook, 0x0)
                0x00000000                PROVIDE (software_init_hook, 0x0)
                0x00000000                PROVIDE (_software_init_hook, 0x0)

.text           0x80000000    0x18330
 *(.text)
 .text          0x80000000     0x4d8a S2_CGEIBIO3.o
                0x80003d40                S2_CGEIBIO3EventHandler00002
                0x80004762                S2_CGEIBIO3_main
                0x80002c9a                S2_CGEIBIO3EventHandler00001
                0x80004c50                S2_CGEIBIO3WAIT_RX
                0x80004cb8                S2_CGEIBIO3EventHandler00000
                0x80004be8                S2_CGEIBIO3WAIT_CMD
                0x80004674                S2_CGEIBIO3_EventHandler
 *fill*         0x80004d8a        0x2
 .text          0x80004d8c     0xc5ca S2_RevoxStritzl2.o
                0x8000f7ee                S2_RevoxStritzl2EventHandler00009
                0x800107ee                S2_RevoxStritzl2EventHandler00019
                0x8000effa                S2_RevoxStritzl2_main
                0x800111ee                S2_RevoxStritzl2EventHandler00023
                0x8000fdee                S2_RevoxStritzl2EventHandler0000F
                0x80009040                S2_RevoxStritzl2EventHandler00001
                0x800102ee                S2_RevoxStritzl2EventHandler00014
                0x8000f9ee                S2_RevoxStritzl2EventHandler0000B
                0x80010bee                S2_RevoxStritzl2EventHandler0001D
                0x8000f3ee                S2_RevoxStritzl2EventHandler00005
                0x8000f2ee                S2_RevoxStritzl2EventHandler00004
                0x8000f0ee                S2_RevoxStritzl2EventHandler00002
                0x800105ee                S2_RevoxStritzl2EventHandler00017
                0x8000fbee                S2_RevoxStritzl2EventHandler0000D
                0x8000f8ee                S2_RevoxStritzl2EventHandler0000A
                0x800108ee                S2_RevoxStritzl2EventHandler0001A
                0x8000ef30                S2_RevoxStritzl2_EventHandler
                0x80010fee                S2_RevoxStritzl2EventHandler00021
                0x80010eee                S2_RevoxStritzl2EventHandler00020
                0x800110ee                S2_RevoxStritzl2EventHandler00022
                0x80010dee                S2_RevoxStritzl2EventHandler0001F
                0x8000feee                S2_RevoxStritzl2EventHandler00010
                0x8000f5ee                S2_RevoxStritzl2EventHandler00007
                0x800100ee                S2_RevoxStritzl2EventHandler00012
                0x8000f1ee                S2_RevoxStritzl2EventHandler00003
                0x80010aee                S2_RevoxStritzl2EventHandler0001C
                0x80008d70                S2_RevoxStritzl2EventHandler00000
                0x8000f6ee                S2_RevoxStritzl2EventHandler00008
                0x8000faee                S2_RevoxStritzl2EventHandler0000C
                0x800101ee                S2_RevoxStritzl2EventHandler00013
                0x8000f4ee                S2_RevoxStritzl2EventHandler00006
                0x800112ee                S2_RevoxStritzl2EventHandler00025
                0x800109ee                S2_RevoxStritzl2EventHandler0001B
                0x800104ee                S2_RevoxStritzl2EventHandler00016
                0x800103ee                S2_RevoxStritzl2EventHandler00015
                0x8000fcee                S2_RevoxStritzl2EventHandler0000E
                0x80009310                S2_RevoxStritzl2EventHandler00024
                0x80010cee                S2_RevoxStritzl2EventHandler0001E
                0x800106ee                S2_RevoxStritzl2EventHandler00018
                0x8000ffee                S2_RevoxStritzl2EventHandler00011
 *fill*         0x80011356        0x2
 .text          0x80011358     0x558a library.o
                0x80015498                RotateRightLong
                0x800159d2                IsSystem
                0x800153fc                Seed
                0x80012d90                Remove
                0x80015078                Ltoa
                0x80014da4                Atoi
                0x8001410e                InitRampInfoArray
                0x800157f2                Right
                0x80015326                Mod
                0x8001550e                Getc
                0x8001525a                SMuldiv
                0x800159b4                IsHidden
                0x8001513e                Min
                0x800165c2                hextosi
                0x80015b58                WriteIntegerArray
                0x800160ce                GetSignedIntArrayElementPtr
                0x80014ac6                CheckStructArray
                0x800165d6                hextosl
                0x80015cde                WriteSignedIntegerArray
                0x8001478e                InitStringParamArray
                0x80013a5e                ReadSignedLongIntegerArray
                0x80012a3e                GatherToDelimiter
                0x800145b2                InitStringArray
                0x80015118                Max
                0x80015a0e                IsReadOnly
                0x80015222                SMax
                0x80012bd2                GatherByLength
                0x80014fb2                Chr
                0x80015b30                ReadSignedLongInteger
                0x80015030                Itohex
                0x80014a38                GetStructArrayElement
                0x80014d2c                UNS_SetByte
                0x800157c6                ReverseFindi
                0x80013f0a                ReadStringArray
                0x80015ede                GetIntArrayElementPtr
                0x80015640                Lower
                0x80015418                RotateLeft
                0x8001423a                CheckInputArray
                0x800118c6                ResizeStringArray
                0x80014f44                Atosl
                0x80014d6c                High
                0x800153c8                Rnd
                0x800152ea                UMod
                0x8001546e                RotateLeftLong
                0x800166f6                FindNumericChar
                0x80016326                CheckIOArrayBounds2
                0x8001523e                SMin
                0x80015596                Left
                0x800154d8                CheckBufferThreshold
                0x80015ae8                ReadSignedInteger
                0x80014d96                LowWord
                0x80011358                Bit
                0x80015a98                ReadLongInteger
                0x80014baa                Byte
                0x80015fd6                GetLongArrayElementPtr
                0x80015798                ReverseFind
                0x800167c2                InitTcpServer
                0x80015628                Len
                0x800163f6                InitializeRampInfoInternal
                0x80015164                Divide
                0x80014eb0                Atol
                0x800162be                CheckIOArrayBounds
                0x80014294                CheckStringInputArray
                0x80015da0                WriteSignedLongIntegerArray
                0x80014982                GetStringArrayElement
                0x800150bc                Ltohex
                0x80014fe8                Itoa
                0x80015442                RotateRight
                0x80013078                InternalReverseFind
                0x80015a78                WriteLongInteger
                0x800144b6                InitDynamicStringStruct
                0x800143aa                SetStringArray
                0x8001383c                ReadSignedIntegerArray
                0x800142ee                SetOutputArray
                0x80015a28                WriteInteger
                0x80014916                InitStructDynamicArray
                0x80013302                SetString
                0x80015362                Random
                0x80015ac0                WriteSignedInteger
                0x800115bc                Find
                0x800156f6                Mid
                0x80016734                InitTcpClient
                0x800124aa                ResizeStructArray
                0x800161c6                GetSignedLongArrayElementPtr
                0x800165e8                hextol
                0x80013c80                ReadString
                0x80014648                InitDynamicStringArray
                0x800166ce                UpperChar
                0x80014e40                Atosi
                0x80015a50                ReadInteger
                0x800151d6                Muldiv
                0x8001435c                SetStringOutputArray
                0x80015e64                WriteString
                0x80011f1e                ResizeIntegerArray
                0x80014202                InitInOutArray
                0x80014856                InitNvramStringArray
                0x80015100                Abs
                0x800152a6                SDivide
                0x800133fa                ReadIntegerArray
                0x80011468                CompareStrings
                0x800166a6                LowerChar
                0x80016852                InitUdpSocket
                0x800154c0                ClearBuffer
                0x8001588a                Upper
                0x800148f2                InitStructArray
                0x8001593a                MakeLower
                0x800159f0                IsVolume
                0x80012ede                RemoveByLength
                0x80014b42                CheckStringOutputArrayIndex
                0x80015c1a                WriteLongIntegerArray
                0x800164a2                InitRampInfoStructArray
                0x80014d88                HighWord
                0x80011730                ResizeString
                0x80015996                IsDirectory
                0x8001361a                ReadLongIntegerArray
                0x80014d7a                Low
                0x800128d4                Gather
                0x80015968                MakeUpper
                0x80014478                InitStringStruct
                0x8001638e                CheckStringArrayBounds
                0x800151a8                CheckDenominator
                0x800165aa                hextoi
                0x80013d9e                WriteStringArray
                0x80014c6a                SetByte
                0x8001644c                InitializeRampInfo
                0x80015b10                WriteSignedLongInteger
                0x8001456a                InitNvramStringStruct
 *fill*         0x800168e2        0xe
                0x800168f0                .=ALIGN(0x10)
 *(.eh_frame)
                0x800168f0                .=ALIGN(0x10)
 *(.gnu.linkonce.t.*)
                0x800168f0                .=ALIGN(0x4)
                0x800168f0                __CTOR_LIST__=.
                0x800168f0                ___CTOR_LIST__=.
                0x800168f0        0x4 LONG 0x0 (((__CTOR_END__-__CTOR_LIST__)/0x4)-0x2)
 *(.ctors)
                0x800168f4        0x4 LONG 0x0
                0x800168f8                __CTOR_END__=.
                0x800168f8                __DTOR_LIST__=.
                0x800168f8                ___DTOR_LIST__=.
                0x800168f8        0x4 LONG 0x0 (((__DTOR_END__-__DTOR_LIST__)/0x4)-0x2)
 *(.dtors)
                0x800168fc        0x4 LONG 0x0
                0x80016900                __DTOR_END__=.
 *(.rodata)
 .rodata        0x80016900      0x5d3 S2_CGEIBIO3.o
 .rodata        0x80016ed3      0x851 S2_RevoxStritzl2.o
 .rodata        0x80017724      0xbed library.o
 *(.gcc_except_table)
 *fill*         0x80018311        0x1
                0x80018312                .=ALIGN(0x2)
                0x80018312                __INIT_SECTION__=.
                0x80018312        0x4 LONG 0x4e560000
 *(.init)
                0x80018316        0x2 SHORT 0x4e5e
                0x80018318        0x2 SHORT 0x4e75
                0x8001831a                __FINI_SECTION__=.
                0x8001831a        0x4 LONG 0x4e560000
 *(.fini)
                0x8001831e        0x2 SHORT 0x4e5e
                0x80018320        0x2 SHORT 0x4e75
 *(.lit)
 *fill*         0x80018322        0xe
                0x80018330                .=ALIGN(0x10)
                0x80018330                _etext=.
                0x80018330                etext=.

.data           0x80018330        0x0
                0x80018330                copy_start=.
 *(.shdata)
 *(.data)
 *(.gnu.linkonce.d.*)
                0x80018330                .=ALIGN(0x10)
                0x80018330                _edata=.
                0x80018330                copy_end=.

.got
 *(.got.plt)
 *(.got)

EntryList       0x80018330      0x220
 *(EntryList)
 EntryList      0x80018330      0x110 S2_CGEIBIO3.o
                0x80018330                S2_CGEIBIO3_Entry
 EntryList      0x80018440      0x110 S2_RevoxStritzl2.o
                0x80018440                S2_RevoxStritzl2_Entry
                0x80018550                .=ALIGN(0x4)

FunctionList    0x80018550        0x4
 *(FunctionList)
 FunctionList   0x80018550        0x4 globals.o
                0x80018550                g_pFunctions
                0x80018554                .=ALIGN(0x4)

.bss            0x80018554        0x0
                0x80018554                .=ALIGN(0x4)
                0x80018554                __bss_start=.
 *(.shbss)
 *(.bss)
 *(COMMON)
                0x80018558                _end=ALIGN(0x8)
                0x80018558                __end=_end

.stab
 *(.stab)

.stabstr
 *(.stabstr)

.debug
 *(.debug)

.line
 *(.line)

.debug_srcinfo
 *(.debug_srcinfo)

.debug_sfnames
 *(.debug_sfnames)

.debug_aranges
 *(.debug_aranges)

.debug_pubnames
 *(.debug_pubnames)

.debug_info
 *(.debug_info)

.debug_abbrev
 *(.debug_abbrev)

.debug_line
 *(.debug_line)

.debug_frame
 *(.debug_frame)

.debug_str
 *(.debug_str)

.debug_loc
 *(.debug_loc)

.debug_macinfo
 *(.debug_macinfo)

.debug_weaknames
 *(.debug_weaknames)

.debug_funcnames
 *(.debug_funcnames)

.debug_typenames
 *(.debug_typenames)

.debug_varnames
 *(.debug_varnames)
LOAD S2_CGEIBIO3.o
LOAD S2_RevoxStritzl2.o
LOAD globals.o
LOAD library.o
OUTPUT(_S2_2008_07_28_Stritzl_PRO2.spl elf32-m68k)

.comment        0x80018554       0x98
 .comment       0x80018554       0x26 S2_CGEIBIO3.o
 .comment       0x8001857a       0x26 S2_RevoxStritzl2.o
 .comment       0x800185a0       0x26 globals.o
 .comment       0x800185c6       0x26 library.o
